dgfjhd
